Copyright 1986-2018 Xilinx, Inc. All Rights Reserved.
-----------------------------------------------------------------------------------------
| Tool Version      : Vivado v.2018.2 (lin64) Build 2258646 Thu Jun 14 20:02:38 MDT 2018
| Date              : Mon Mar  4 01:50:22 2024
| Host              : SirisLi-Desktop running 64-bit Ubuntu 20.04.6 LTS
| Command           : report_cdc -file reports/ariane.cdc.rpt
| Design            : ariane_xilinx
| Device            : xczu15eg-ffvb1156
| Speed File        : -2  PRODUCTION 1.20 05-21-2018
| Temperature Grade : E
-----------------------------------------------------------------------------------------

CDC Report

Severity  Source Clock           Destination Clock      CDC Type                 Exceptions  Endpoints  Safe  Unsafe  Unknown  No ASYNC_REG  
--------  ---------------------  ---------------------  -----------------------  ----------  ---------  ----  ------  -------  ------------  
Critical  clk_out1_xlnx_clk_gen  tck                    No Common Primary Clock  None               69    36       0       33             1  
Warning   tck                    clk_out1_xlnx_clk_gen  No Common Primary Clock  None               43    43       0        0             1  

