Copyright 1986-2018 Xilinx, Inc. All Rights Reserved.
------------------------------------------------------------------------------------------
| Tool Version      : Vivado v.2018.2 (lin64) Build 2258646 Thu Jun 14 20:02:38 MDT 2018
| Date              : Mon Mar  4 01:50:24 2024
| Host              : SirisLi-Desktop running 64-bit Ubuntu 20.04.6 LTS
| Command           : report_clock_interaction -file reports/ariane.clock_interaction.rpt
| Design            : ariane_xilinx
| Device            : xczu15eg-ffvb1156
| Speed File        : -2  PRODUCTION 1.20 05-21-2018
| Temperature Grade : E
------------------------------------------------------------------------------------------

Clock Interaction Report

Clock Interaction Table
-----------------------

                                              WNS                            TNS Failing  TNS Total    WNS Path         Clock-Pair           Inter-Clock     
From Clock             To Clock               Clock Edges  WNS(ns)  TNS(ns)    Endpoints    Endpoints  Requirement(ns)  Classification       Constraints     
---------------------  ---------------------  -----------  -------  -------  -----------  -----------  ---------------  -------------------  --------------  
clk_out1_xlnx_clk_gen  clk_out1_xlnx_clk_gen  rise - rise     7.27     0.00            0       203228            20.00  Clean                Timed           
clk_out1_xlnx_clk_gen  tck                    rise - rise    19.69     0.00            0           69            20.00  No Common Clock      Timed (unsafe)  
tck                    clk_out1_xlnx_clk_gen  rise - rise    18.70     0.00            0           43            20.00  No Common Clock      Timed (unsafe)  
tck                    tck                    fall - rise     5.58     0.00            0          489            20.00  Clean                Timed           


